// Jest Snapshot v1, https://goo.gl/fbAQLP

exports[`icon < 256 1`] = `"Windows icon size must be at least 256x256, please fix \\"<path>/icon.ico\\""`;

exports[`icon not an image 1`] = `"Windows icon is not valid ico file, please fix \\"<path>/icon.ico\\""`;

exports[`win zip 1`] = `
Object {
  "win": Array [
    Object {
      "arch": "x64",
      "file": "Test App ÃŸW-1.1.0-win.zip",
      "safeArtifactName": "TestApp-1.1.0-win.zip",
    },
  ],
}
`;
